23.000000
132.000000
165.500000
173.000000
4656.500000
574.500000
76.000000
11.000000
11.000000
161571.500000
